[32m2026-08-06 10:43:57 +0700[0m - dagster - [34mDEBUG[0m - __ASSET_JOB - 9f0d5ec2-556b-4453-89f4-103a4cae09fd - 174740 - LOGS_CAPTURED - Capturing logs for process (pid: 174740).
[32m2026-08-06 10:43:57 +0700[0m - dagster - [34mDEBUG[0m - __ASSET_JOB - 9f0d5ec2-556b-4453-89f4-103a4cae09fd - 174740 - duckdb_partition_table - STEP_START - Started execution of step "duckdb_partition_table".
[32m2026-08-06 10:43:57 +0700[0m - dagster - [34mDEBUG[0m - __ASSET_JOB - 9f0d5ec2-556b-4453-89f4-103a4cae09fd - duckdb_partition_table - Loading 1 partitions...
[32m2026-08-06 10:43:57 +0700[0m - dagster - [34mDEBUG[0m - __ASSET_JOB - 9f0d5ec2-556b-4453-89f4-103a4cae09fd - duckdb_partition_table - Loading partition 2018-01-21 from /home/thuy/Documents/Learn/home/perimeter/dagster/dagster-etl/.tmp_dagster_home_nbdv6fww/storage/import_partition_file/2018-01-21 using PickledObjectFilesystemIOManager...
[32m2026-08-06 10:43:57 +0700[0m - dagster - [34mDEBUG[0m - __ASSET_JOB - 9f0d5ec2-556b-4453-89f4-103a4cae09fd - 174740 - duckdb_partition_table - LOADED_INPUT - Loaded input "import_partition_file" using input manager "io_manager", from output "result" of step "import_partition_file"
[32m2026-08-06 10:43:57 +0700[0m - dagster - [34mDEBUG[0m - __ASSET_JOB - 9f0d5ec2-556b-4453-89f4-103a4cae09fd - 174740 - duckdb_partition_table - STEP_INPUT - Got input "import_partition_file" of type "Any". (Type check passed).
[32m2026-08-06 10:43:57 +0700[0m - dagster - [34mERROR[0m - [31m__ASSET_JOB - 9f0d5ec2-556b-4453-89f4-103a4cae09fd - 174740 - duckdb_partition_table - STEP_FAILURE - Execution of step "duckdb_partition_table" failed.

dagster._core.errors.DagsterExecutionStepExecutionError: Error occurred while executing op "duckdb_partition_table"::

_duckdb.IOException: IO Error: No files found that match the pattern "/home/thuy/Documents/Learn/home/perimeter/dagster/dagster-etl/src/dagster_etl/data/source/2018-01-21.csv"

Stack Trace:
  File "/home/thuy/Documents/Learn/home/perimeter/dagster/dagster-etl/.venv/lib/python3.13/site-packages/dagster/_core/execution/plan/utils.py", line 57, in op_execution_error_boundary
    yield
  File "/home/thuy/Documents/Learn/home/perimeter/dagster/dagster-etl/.venv/lib/python3.13/site-packages/dagster/_utils/__init__.py", line 394, in iterate_with_context
    next_output = next(iterator)
  File "/home/thuy/Documents/Learn/home/perimeter/dagster/dagster-etl/.venv/lib/python3.13/site-packages/dagster/_core/execution/plan/compute_generator.py", line 136, in _coerce_op_compute_fn_to_iterator
    result = invoke_compute_fn(
        fn, context, kwargs, context_arg_provided, config_arg_class, resource_arg_mapping
    )
  File "/home/thuy/Documents/Learn/home/perimeter/dagster/dagster-etl/.venv/lib/python3.13/site-packages/dagster/_core/execution/plan/compute_generator.py", line 116, in invoke_compute_fn
    return fn(context, **args_to_pass) if context_arg_provided else fn(**args_to_pass)
           ~~^^^^^^^^^^^^^^^^^^^^^^^^^
  File "/home/thuy/Documents/Learn/home/perimeter/dagster/dagster-etl/src/dagster_etl/defs/assets.py", line 97, in duckdb_partition_table
    conn.execute(f"copy {table_name} from '{import_partition_file}'")
    ~~~~~~~~~~~~^^^^^^^^^^^^^^^^^^^^^^^^^^^^^^^^^^^^^^^^^^^^^^^^^^^^^
[0m
